
  [1;31mWe've found a bug for you![0m
  [36m/.../fixtures/bad_variance.res[0m:[2m1:1-24[0m

  [1;31m1[0m [2m│[0m [1;31mtype t<+'a> = 'a => unit[0m
  2 [2m│[0m 

  In this definition, expected parameter variances are not satisfied.
  The 1st type parameter was expected to be covariant,
  but it is injective contravariant.