
  [1;31mWe've found a bug for you![0m
  [36m/.../fixtures/coercion_arity_mismatch.res[0m:[2m2:10-31[0m

  1 [2m│[0m let f = (x: int) => (y: int) => x + y
  [1;31m2[0m [2m│[0m let g = ([1;31mf :> (int, int) => int[0m)
  3 [2m│[0m 

  Type int => int => int is not a subtype of (int, int) => int