
  [1;31mWe've found a bug for you![0m
  [36m/.../fixtures/constructor_tuple_arity_mismatch_pattern.res[0m:[2m5:5-21[0m

  3 [2m│[0m let read = value =>
  4 [2m│[0m   switch value {
  [1;31m5[0m [2m│[0m   | [1;31mBinary((x, y, z))[0m => x + y + z
  6 [2m│[0m   }
  7 [2m│[0m 

  This variant constructor [1;33mBinary[0m expects 2 arguments, but it's being passed 3.