
  [1;31mWe've found a bug for you![0m
  [36m/.../fixtures/constructor_arity_mismatch.res[0m:[2m5:9-15[0m

  3 [2m│[0m   | Single(string)
  4 [2m│[0m 
  [1;31m5[0m [2m│[0m let x = [1;31mPair(1)[0m
  6 [2m│[0m 
  7 [2m│[0m let y = Single(1, 2)

  This variant constructor [1;33mPair[0m expects 2 arguments, but it's only being passed 1.