
  [1;31mWe've found a bug for you![0m
  [36m/.../fixtures/field_access_on_dict_type.res[0m:[2m3:11[0m

  1 [2m│[0m let d: dict<int> = dict{"a": 1}
  2 [2m│[0m 
  [1;31m3[0m [2m│[0m let v = d.[1;31ma[0m
  4 [2m│[0m 

  Direct field access on a dict is not supported. Use Dict.get instead.