
  [1;31mWe've found a bug for you![0m
  [36m/.../fixtures/for_await_requires_async_iterable.res[0m:[2m5:18-42[0m

  3 [2m│[0m 
  4 [2m│[0m let consume = async () => {
  [1;31m5[0m [2m│[0m   for await x of [1;31mnumbers->Array.asIterable[0m {
  6 [2m│[0m     Console.log(x)
  7 [2m│[0m   }

  This has type: [1;31mIterable.t<int>[0m [2m(defined as[0m [1;31miterable<int>[0m[2m)[0m
  But it's expected to have type: [1;33masyncIterable<'a>[0m