
  [1;31mWe've found a bug for you![0m
  [36m/.../fixtures/functor_application_type_mismatch.res[0m:[2m16:18-29[0m

  14 [2m│[0m // confirming neither hits the assert false left in Ctype.lid_of_path a
     [2m│[0m fter
  15 [2m│[0m // removing the unreachable Longident.Lapply constructor.
  [1;31m16[0m [2m│[0m let bad: App.t = [1;31m"not an int"[0m
  17 [2m│[0m 

  This has type: [1;31mstring[0m
  But it's expected to have type: [1;33mApp.t[0m [2m(defined as[0m [1;33mint[0m[2m)[0m
  
  You can convert [1;33mstring[0m to [1;33mint[0m with [1;33mInt.fromString[0m.