
  [1;33mWarning number 53[0m
  [36m/.../fixtures/hoisted_function_hidden_by_signature.res[0m:[2m4:3-22[0m

  2 [2m│[0m   let visible: unit => string
  3 [2m│[0m } = {
  [1;33m4[0m [2m│[0m   [1;33m@res.hoistedFunction[0m
  5 [2m│[0m   let hidden = () => "hidden"
  6 [2m│[0m   let visible = hidden

  the @res.hoistedFunction attribute cannot appear in this context