
  [1;31mWe've found a bug for you![0m
  [36m/.../fixtures/hoisted_function_path_collision.res[0m:[2m7:19-26[0m

  5 [2m│[0m   }
  6 [2m│[0m   @res.hoistedFunction
  [1;31m7[0m [2m│[0m   let \"B$make" = [1;31m() => ()[0m
  8 [2m│[0m }
  9 [2m│[0m let after = ()

  Cannot hoist this function as `A$B$make` because that name is already used by a top-level binding.
