
  [1;31mWe've found a bug for you![0m
  [36m/.../fixtures/include_extension_constructors_mismatch.res[0m:[2m4:5-7:1[0m

  2 [2m│[0m   type t = ..
  3 [2m│[0m   type t += E(int)
  [1;31m4[0m [2m│[0m } = [1;31m{[0m
  [1;31m5[0m [2m│[0m [1;31m  type t = ..[0m
  [1;31m6[0m [2m│[0m [1;31m  type t += E(string)[0m
  [1;31m7[0m [2m│[0m [1;31m}[0m
  8 [2m│[0m 

  Signature mismatch:
  Modules do not match:
    {
  type t = ..
  type t += E(string)
}
  is not included in
    {
  type t = ..
  type t += E(int)
}
  Extension declarations do not match:
    type t +=  E(string)
  is not included in
    type t +=  E(int)
  [36m/.../fixtures/include_extension_constructors_mismatch.res[0m:[2m3:13-18[0m:
    Expected declaration
  [36m/.../fixtures/include_extension_constructors_mismatch.res[0m:[2m6:13-21[0m:
    Actual declaration