
  [1;31mWe've found a bug for you![0m
  [36m/.../fixtures/include_type_decl_mismatch.res[0m:[2m3:5-5:1[0m

  1 [2m│[0m module M: {
  2 [2m│[0m   type t = int
  [1;31m3[0m [2m│[0m } = [1;31m{[0m
  [1;31m4[0m [2m│[0m [1;31m  type t = string[0m
  [1;31m5[0m [2m│[0m [1;31m}[0m
  6 [2m│[0m 

  Signature mismatch:
  Modules do not match:
    {
  type t = string
}
  is not included in
    {
  type t = int
}
  Type declarations do not match:
    type t = string
  is not included in
    type t = int
  [36m/.../fixtures/include_type_decl_mismatch.res[0m:[2m2:3-14[0m:
    Expected declaration
  [36m/.../fixtures/include_type_decl_mismatch.res[0m:[2m4:3-17[0m:
    Actual declaration