
  [1;31mWe've found a bug for you![0m
  [36m/.../fixtures/jsx_plain_function_component.res[0m:[2m26:10-16[0m

  24 [2m│[0m }
  25 [2m│[0m 
  [1;31m26[0m [2m│[0m let _ = <[1;31mWrapper[0m value="hello" />
  27 [2m│[0m 

  This JSX tag resolves to: [1;31mWrapper.props => Jsx.element[0m
  But JSX component positions require:
    [1;33mReact.component<'a>[0m [2m(defined as[0m [1;33mJsx.component<'a>[0m[2m)[0m

  JSX tags must resolve to a React component, not a plain function.

  Possible solutions:
  - If this function takes labeled props, annotate it with [1;33m@react.component[0m
  - If this function takes a single props record, annotate it with [1;33m@react.componentWithProps[0m
  - If this is already a valid component-like value, wrap it with [1;33mReact.component(...)[0m