
  [1;31mWe've found a bug for you![0m
  [36m/.../fixtures/object_private_row_write.res[0m:[2m7:23-32[0m

  5 [2m│[0m    pinned in tests/tests/src/object_mutability_pin.res. */
  6 [2m│[0m type t = private {.."x": int}
  [1;31m7[0m [2m│[0m let write = (o: t) => [1;31mo["x"] = 1[0m
  8 [2m│[0m 

  This expression has type t
  The field x is not settable. Only fields annotated with @set, e.g. {@set "x": int}, can be assigned.