
  [1;31mWe've found a bug for you![0m
  [36m/.../fixtures/polymorphic_label.res[0m:[2m3:11[0m

  1 [2m│[0m type t = {f: 'a. 'a => 'a}
  2 [2m│[0m 
  [1;31m3[0m [2m│[0m let g = ({[1;31mf[0m: (f: int => int)}: t) => f(42)
  4 [2m│[0m 

  The record field f is polymorphic. You cannot instantiate it in a pattern.