
  [1;31mWe've found a bug for you![0m
  [36m/.../fixtures/polyvar_int_overflow_pattern.res[0m:[2m3:5-16[0m

  1 [2m│[0m let f = x =>
  2 [2m│[0m   switch x {
  [1;31m3[0m [2m│[0m   | [1;31m#99999999999[0m => 1
  4 [2m│[0m   | _ => 2
  5 [2m│[0m   }

  Integer literal exceeds int32 range. Use float or BigInt if larger values are required.