
  [1;31mWe've found a bug for you![0m
  [36m/.../fixtures/primitive_catchall_inline_record_required.res[0m:[2m2:10-29[0m

  1 [2m│[0m @tag("kind")
  [1;31m2[0m [2m│[0m type t = [1;31m| @catch(int) A(int)[0m
  3 [2m│[0m 

  Constructor "A": primitive catch-all requires an inline record payload