
  [1;31mWe've found a bug for you![0m
  [36m/.../fixtures/primitive_catchall_missing_tag_field.res[0m:[2m2:10-45[0m

  1 [2m│[0m @tag("kind")
  [1;31m2[0m [2m│[0m type t = [1;31m| @as(int) A({x: int, body: string})[0m
  3 [2m│[0m 

  Constructor "A": inline record must contain exactly one field named "kind" (or @as("kind")) carrying the discriminant