
  [1;31mWe've found a bug for you![0m
  [36m/.../fixtures/primitive_catchall_on_unboxed.res[0m:[2m4:3-52[0m

  2 [2m│[0m type t =
  3 [2m│[0m   | @as("one") One({thing: string})
  [1;31m4[0m [2m│[0m   [1;31m| @catch(string) Other({kind: string, thing: int})[0m
  5 [2m│[0m 

  Primitive catch-all @catch(int|float|string) is not allowed on @unboxed variants