
  [1;31mWe've found a bug for you![0m
  [36m/.../fixtures/record_rest_mutable_source.res[0m:[2m4:5-30[0m

  2 [2m│[0m type rest = {version: string}
  3 [2m│[0m 
  [1;31m4[0m [2m│[0m let [1;31m{name: _, ...rest as rest}[0m = ({name: "x", version: "1"}: source)
  5 [2m│[0m 

  Record rest patterns cannot be used on records with mutable fields.