
  [1;31mWe've found a bug for you![0m
  [36m/.../fixtures/record_rest_field_not_optional_plural.res[0m:[2m3:12-25[0m

  1 [2m│[0m type source = {a?: int, b?: string, c: bool}
  2 [2m│[0m type sub = {a?: int, b?: string}
  [1;31m3[0m [2m│[0m let {a, b, [1;31m...sub as rest[0m}: source = {c: true}
  4 [2m│[0m 

  The following fields appear in both the explicit pattern and the rest type `sub`:
- a
- b

Mark them as optional (e.g. `?fieldName`) in the explicit pattern.