
  [1;31mWe've found a bug for you![0m
  [36m/.../fixtures/record_rest_invalid_type.res[0m:[2m2:12-21[0m

  1 [2m│[0m type source = {a: int, b: string}
  [1;31m2[0m [2m│[0m let {a, ...[1;31m'a as rest[0m} = ({a: 1, b: "x"}: source)
  3 [2m│[0m 

  Record rest pattern must have the form: ...Type.t as name