
  [1;31mWe've found a bug for you![0m
  [36m/.../fixtures/recursive_component_create_element_requires_component.res[0m:[2m13:46-49[0m

  11 [2m│[0m 
  12 [2m│[0m @react.component
  [1;31m13[0m [2m│[0m let rec make = (~foo) => React.createElement([1;31mmake[0m, {foo: foo})
  14 [2m│[0m 

  This has type: [1;31mprops<'a> => React.element[0m
  But this function argument is expecting:
    [1;33mReact.component<'b>[0m [2m(defined as[0m [1;33mJsx.component<'b>[0m[2m)[0m