
  [1;31mSyntax error![0m
  [36m/.../fixtures/type_in_function.res[0m:[2m2:3-14[0m

  1 [2m│[0m let f = () => {
  [1;31m2[0m [2m│[0m   [1;31mtype t = int[0m
  3 [2m│[0m   1
  4 [2m│[0m }

  Type definitions are not allowed inside functions.
  Move this `type` declaration to the top level or into a module.