
  [1;31mWe've found a bug for you![0m
  [36m/.../fixtures/UntaggedAtMostOneBigint.res[0m:[2m2:20-30[0m

  1 [2m│[0m @unboxed
  [1;31m2[0m [2m│[0m type t = A(bigint) [1;31m| B(bigint)[0m
  3 [2m│[0m 

  This untagged variant definition is invalid: At most one case can be a bigint type.