
  [1;31mWe've found a bug for you![0m
  [36m/.../fixtures/UntaggedConstructorAttributeMoreThanOneArg.res[0m:[2m1:10-31[0m

  [1;31m1[0m [2m│[0m type t = [1;31m| @unboxed A(int, int)[0m | B
  2 [2m│[0m 

  This untagged variant definition is invalid: Constructor A has more than one argument.