
  [1;33mWarning number 34[0m
  [36m/.../fixtures/warning_37_unused_constructor.res[0m:[2m4:3-20[0m

  2 [2m│[0m   let v: int
  3 [2m│[0m } = {
  [1;33m4[0m [2m│[0m   [1;33mtype t = Foo | Bar[0m
  5 [2m│[0m   let v = 1
  6 [2m│[0m }

  unused type t.


  [1;33mWarning number 37[0m
  [36m/.../fixtures/warning_37_unused_constructor.res[0m:[2m4:3-20[0m

  2 [2m│[0m   let v: int
  3 [2m│[0m } = {
  [1;33m4[0m [2m│[0m   [1;33mtype t = Foo | Bar[0m
  5 [2m│[0m   let v = 1
  6 [2m│[0m }

  unused constructor Foo.


  [1;33mWarning number 37[0m
  [36m/.../fixtures/warning_37_unused_constructor.res[0m:[2m4:3-20[0m

  2 [2m│[0m   let v: int
  3 [2m│[0m } = {
  [1;33m4[0m [2m│[0m   [1;33mtype t = Foo | Bar[0m
  5 [2m│[0m   let v = 1
  6 [2m│[0m }

  unused constructor Bar.