
  [1;33mWarning number 57[0m
  [36m/.../fixtures/warning_57_ambiguous_pattern_single.res[0m:[2m3:5-31[0m

  1 [2m│[0m let f = pair =>
  2 [2m│[0m   switch pair {
  [1;33m3[0m [2m│[0m   | [1;33m(Some(n), _) | (_, Some(n))[0m if n > 0 => n
  4 [2m│[0m   | _ => 0
  5 [2m│[0m   }

  Ambiguous or-pattern variables under guard;
variable n may match different arguments.