
  [1;33mWarning number 44[0m
  [36m/.../fixtures/warning_44_open_shadow_identifier.res[0m:[2m8:1-6[0m

   6 [2m│[0m 
   7 [2m│[0m let _ = foo
   [1;33m8[0m [2m│[0m [1;33mopen M[0m
   9 [2m│[0m let _ = foo
  10 [2m│[0m 

  this open statement shadows the value identifier foo (which is later used)