namespace: lint
rule: forbidden-reference
instance: 1
active: true
summary: Report references to configured modules, values, and types.
details: Uses typed references when available so opened modules and aliases resolve to the real symbol path before matching.
settings:
- enabled: true
- severity: error
- message: Do not use Belt.Array helpers here. Prefer Stdlib/Array directly.
- item[1].kind: module
- item[1].path: Belt.Array
- item[1].message: Avoid Belt.Array module references here.
- item[2].kind: value
- item[2].path: Belt.Array.forEach
- item[3].kind: value
- item[3].path: Belt.Array.map
- item[3].message: Prefer Array.map directly.

namespace: lint
rule: forbidden-reference
instance: 2
active: true
summary: Report references to configured modules, values, and types.
details: Uses typed references when available so opened modules and aliases resolve to the real symbol path before matching.
settings:
- enabled: true
- severity: warning
- item[1].kind: type
- item[1].path: Js.Json.t
- item[1].message: Avoid Js.Json.t here.

namespace: lint
rule: single-use-function
active: true
summary: Report local non-exported functions that are defined once and used once.
details: Counts local function bindings and same-file typed references, then reports helpers that only have a single real use site.
settings:
- enabled: true
- severity: warning
- message: Inline this helper unless it is a meaningful reusable abstraction.

namespace: lint
rule: alias-avoidance
active: true
summary: Report local aliases that only shorten an existing qualified value, type, or module reference.
details: Flags pass-through aliases such as `let alias = Module.value`, `type alias = Module.t`, and `module Alias = Long.Module.Path` so the qualified reference can be used directly instead.
settings:
- enabled: true
- severity: warning
- message: Use the fully qualified reference directly instead of creating a local alias

namespace: lint
rule: forbidden-source-root-reference
active: true
summary: Report references whose declarations come from configured source roots.
details: Uses typed declaration origin paths so generated or otherwise restricted source trees can be blocked by folder root.
settings:
- enabled: true
- severity: error
- message: Do not reference declarations from `src/generated` directly
- roots: src/generated
- kinds: value, type

namespace: lint
rule: preferred-type-syntax
active: true
summary: Prefer canonical builtin type syntax where available.
details: Currently reports `Dict.t<_>` and `Stdlib.Dict.t<_>` in favor of `dict<_>`.
settings:
- enabled: true
- severity: warning
- message: Prefer `dict<_>` over `Dict.t<_>`
- dict: true

namespace: rewrite
rule: prefer-switch
active: true
summary: Rewrite `if` and ternary control flow into canonical `switch`.
details: Simple boolean branches become `switch condition`, and `else if` chains collapse into guarded `switch ()` cases.
settings:
- enabled: true
- if: true
- ternary: true

namespace: rewrite
rule: no-optional-some
active: true
summary: Rewrite redundant optional-argument wrapping from `?Some(expr)` to the direct labeled form.
details: Turns `~label=?Some(expr)` into `~label=expr` when the argument is already in an optional position.
settings:
- enabled: true

namespace: rewrite
rule: preferred-type-syntax
active: true
summary: Rewrite supported types into canonical builtin syntax.
details: Currently rewrites `Dict.t<_>` and `Stdlib.Dict.t<_>` into `dict<_>`.
settings:
- enabled: true
- dict: true

summary: 9 active, 0 inactive, 9 total
