severity: warning
rule: alias-avoidance
path: src/lint/AliasAvoidance.res
range: 1:8-1:21
message: Use the fully qualified reference directly instead of creating a local alias
symbol: ShowFixture.Nested
snippet:
```text
> 1 | module AliasGreeting = ShowFixture.Nested
    |        ^^^^^^^^^^^^^
```

severity: warning
rule: alias-avoidance
path: src/lint/AliasAvoidance.res
range: 3:6-3:15
message: Use the fully qualified reference directly instead of creating a local alias
symbol: ShowFixture.item
snippet:
```text
  1 | module AliasGreeting = ShowFixture.Nested
> 3 | type itemAlias = ShowFixture.item
    |      ^^^^^^^^^
```

severity: warning
rule: alias-avoidance
path: src/lint/AliasAvoidance.res
range: 5:5-5:8
message: Use the fully qualified reference directly instead of creating a local alias
symbol: String.length
snippet:
```text
  3 | type itemAlias = ShowFixture.item
> 5 | let len = String.length
    |     ^^^
```
