[{"rule":"alias-avoidance","path":"src/lint/AliasAvoidance.res","range":[0,7,0,20],"severity":"warning","message":"Use the fully qualified reference directly instead of creating a local alias","symbol":"ShowFixture.Nested"},{"rule":"alias-avoidance","path":"src/lint/AliasAvoidance.res","range":[2,5,2,14],"severity":"warning","message":"Use the fully qualified reference directly instead of creating a local alias","symbol":"ShowFixture.item"},{"rule":"alias-avoidance","path":"src/lint/AliasAvoidance.res","range":[4,4,4,7],"severity":"warning","message":"Use the fully qualified reference directly instead of creating a local alias","symbol":"String.length"}]
