[{"rule":"forbidden-source-root-reference","path":"src/lint/ForbiddenGeneratedReference.res","range":[1,23,1,36],"severity":"error","message":"Do not reference declarations from `src/generated` directly","symbol":"GeneratedModel.generatedType"},{"rule":"forbidden-source-root-reference","path":"src/lint/ForbiddenGeneratedReference.res","range":[6,45,6,58],"severity":"error","message":"Do not reference declarations from `src/generated` directly","symbol":"GeneratedModel.generatedType"},{"rule":"forbidden-source-root-reference","path":"src/lint/ForbiddenGeneratedReference.res","range":[4,26,4,40],"severity":"error","message":"Do not reference declarations from `src/generated` directly","symbol":"GeneratedModel.generatedValue"},{"rule":"forbidden-source-root-reference","path":"src/lint/ForbiddenGeneratedReference.res","range":[7,24,7,38],"severity":"error","message":"Do not reference declarations from `src/generated` directly","symbol":"GeneratedModel.generatedValue"}]
