[{"rule":"forbidden-source-root-reference","path":"src/lint/ForbiddenGeneratedReference.resi","range":[1,23,1,36],"severity":"error","message":"Do not reference declarations from `src/generated` directly","symbol":"GeneratedModel.generatedType"},{"rule":"forbidden-source-root-reference","path":"src/lint/ForbiddenGeneratedReference.resi","range":[4,36,4,49],"severity":"error","message":"Do not reference declarations from `src/generated` directly","symbol":"GeneratedModel.generatedType"}]
