severity: error
rule: forbidden-source-root-reference
path: src/lint/ForbiddenGeneratedReference.res
range: 2:24-2:37
message: Do not reference declarations from `src/generated` directly
symbol: GeneratedModel.generatedType
snippet:
```text
  1 | type wrapper = {
> 2 |   item: GeneratedModel.generatedType,
    |                        ^^^^^^^^^^^^^
  3 | }
```

severity: error
rule: forbidden-source-root-reference
path: src/lint/ForbiddenGeneratedReference.res
range: 7:46-7:59
message: Do not reference declarations from `src/generated` directly
symbol: GeneratedModel.generatedType
snippet:
```text
  5 | let next = GeneratedModel.generatedValue + 1
> 7 | let acceptGenerated = (value: GeneratedModel.generatedType) => {
    |                                              ^^^^^^^^^^^^^
  8 |   next + GeneratedModel.generatedValue + value.id
```

severity: error
rule: forbidden-source-root-reference
path: src/lint/ForbiddenGeneratedReference.res
range: 5:27-5:41
message: Do not reference declarations from `src/generated` directly
symbol: GeneratedModel.generatedValue
snippet:
```text
  3 | }
> 5 | let next = GeneratedModel.generatedValue + 1
    |                           ^^^^^^^^^^^^^^
```

severity: error
rule: forbidden-source-root-reference
path: src/lint/ForbiddenGeneratedReference.res
range: 8:25-8:39
message: Do not reference declarations from `src/generated` directly
symbol: GeneratedModel.generatedValue
snippet:
```text
  7 | let acceptGenerated = (value: GeneratedModel.generatedType) => {
> 8 |   next + GeneratedModel.generatedValue + value.id
    |                         ^^^^^^^^^^^^^^
  9 | }
```
