["type x = int\\nlet x: int => string\\nmodule M: {\\n  let ff: string => int\\n}", "let processData = (data: array<int>) => {\\n  data\\n  ->Array.filter(x => x > 0)\\n  ->Array.map(x => x * 2)\\n  ->Array.reduce(0, (acc, x) => acc + x)\\n}\\n\\nlet asyncExample = async () => {\\n  let data = await fetchData()\\n  let processed = await processData(data)\\n  Console.log(processed)\\n}", "let component = () => {\\n  <div className=\\\"container\\\">\\n    <h1> {\\\"Title\\\"->React.string} </h1>\\n    <button onClick={_ => Console.log(\\\"clicked\\\")}> {\\\"Click me\\\"->React.string} </button>\\n  </div>\\n}", "let handleResult = (result: result<string, string>) => {\\n  switch result {\\n  | Ok(value) => Console.log(`Success: ${value}`)\\n  | Error(error) => Console.error(`Error: ${error}`)\\n  }\\n}"]
