["let processUsers = (users: array<user>) => {\\n  users\\n  ->Array.map(user => {...user, active: false})\\n  ->Array.filter(u => u.age > 21)\\n}\\n\\ntype status = Loading | Success(string) | Error(option<string>)", "module UserService = {\\n  let validate = user => user.age >= 18 && user.name !== \\\"\\\"\\n  let getName = user => user.name\\n}", "let badly_formatted = (x, y) => {\\n  let result = x + y\\n  if result > 0 {\\n    Console.log(\\\"positive\\\")\\n  } else {\\n    Console.log(\\\"negative\\\")\\n  }\\n  result\\n}", "type user = {name: string, age: int, active: bool}\\nlet createUser = (name, age) => {name, age, active: true}"]
