[{"rule":"preferred-type-syntax","path":"src/lint/PreferredTypeSyntax.resi","range":[1,9,1,15],"severity":"warning","message":"Prefer `dict<_>` over `Dict.t<_>`","symbol":"Dict.t"},{"rule":"preferred-type-syntax","path":"src/lint/PreferredTypeSyntax.resi","range":[5,15,5,21],"severity":"warning","message":"Prefer `dict<_>` over `Dict.t<_>`","symbol":"Dict.t"},{"rule":"preferred-type-syntax","path":"src/lint/PreferredTypeSyntax.resi","range":[2,9,2,22],"severity":"warning","message":"Prefer `dict<_>` over `Dict.t<_>`","symbol":"Stdlib.Dict.t"},{"rule":"preferred-type-syntax","path":"src/lint/PreferredTypeSyntax.resi","range":[6,21,6,34],"severity":"warning","message":"Prefer `dict<_>` over `Dict.t<_>`","symbol":"Stdlib.Dict.t"}]
