[{"path":".tmp-rewrite-tests/root/RewriteClean.res","mode":"write","changed":false,"applied":[]},{"path":".tmp-rewrite-tests/root/RewriteIfs.res","mode":"write","changed":true,"applied":[{"rule":"prefer-switch","count":4,"note":"rewrote `if` / ternary branches into `switch`"}]},{"path":".tmp-rewrite-tests/root/RewriteOptionalSome.res","mode":"write","changed":true,"applied":[{"rule":"prefer-switch","count":1,"note":"rewrote `if` / ternary branches into `switch`"}, {"rule":"no-optional-some","count":3,"note":"rewrote `~label=?Some(expr)` into `~label=expr`"}]},{"path":".tmp-rewrite-tests/root/RewritePreferredTypeSyntax.res","mode":"write","changed":true,"applied":[{"rule":"preferred-type-syntax","count":4,"note":"rewrote `Dict.t<_>` into `dict<_>`"}]},{"path":".tmp-rewrite-tests/root/RewritePreferredTypeSyntax.resi","mode":"write","changed":true,"applied":[{"rule":"preferred-type-syntax","count":4,"note":"rewrote `Dict.t<_>` into `dict<_>`"}]}]
