[{"path":"src/rewrite/RewritePreferredTypeSyntax.resi","mode":"diff","changed":true,"applied":[{"rule":"preferred-type-syntax","count":4,"note":"rewrote `Dict.t<_>` into `dict<_>`"}],"diff":"--- a/src/rewrite/RewritePreferredTypeSyntax.resi\n+++ b/src/rewrite/RewritePreferredTypeSyntax.resi\n@@ -1,7 +1,7 @@\n type wrapped = {\n-  items: Dict.t<int>,\n-  names: Stdlib.Dict.t<string>,\n+  items: dict<int>,\n+  names: dict<string>,\n }\n\n-let dictValue: Dict.t<int>\n-let stdlibDictValue: Stdlib.Dict.t<string>\n+let dictValue: dict<int>\n+let stdlibDictValue: dict<string>","rewritten":"type wrapped = {\n  items: dict<int>,\n  names: dict<string>,\n}\n\nlet dictValue: dict<int>\nlet stdlibDictValue: dict<string>\n"}]
