[{"path":"src/rewrite/RewritePreferredTypeSyntax.res","mode":"diff","changed":true,"applied":[{"rule":"preferred-type-syntax","count":4,"note":"rewrote `Dict.t<_>` into `dict<_>`"}],"diff":"--- a/src/rewrite/RewritePreferredTypeSyntax.res\n+++ b/src/rewrite/RewritePreferredTypeSyntax.res\n@@ -1,7 +1,7 @@\n type wrapped = {\n-  items: Dict.t<int>,\n-  names: Stdlib.Dict.t<string>,\n+  items: dict<int>,\n+  names: dict<string>,\n }\n\n-let dictValue: Dict.t<int> = dict{}\n-let stdlibDictValue: Stdlib.Dict.t<string> = dict{}\n+let dictValue: dict<int> = dict{}\n+let stdlibDictValue: dict<string> = dict{}","rewritten":"type wrapped = {\n  items: dict<int>,\n  names: dict<string>,\n}\n\nlet dictValue: dict<int> = dict{}\nlet stdlibDictValue: dict<string> = dict{}\n"}]
