path: src/rewrite/RewritePreferredTypeSyntax.res
status: preview
rules:
- preferred-type-syntax(4): rewrote `Dict.t<_>` into `dict<_>`
diff:
```diff
--- a/src/rewrite/RewritePreferredTypeSyntax.res
+++ b/src/rewrite/RewritePreferredTypeSyntax.res
@@ -1,7 +1,7 @@
 type wrapped = {
-  items: Dict.t<int>,
-  names: Stdlib.Dict.t<string>,
+  items: dict<int>,
+  names: dict<string>,
 }

-let dictValue: Dict.t<int> = dict{}
-let stdlibDictValue: Stdlib.Dict.t<string> = dict{}
+let dictValue: dict<int> = dict{}
+let stdlibDictValue: dict<string> = dict{}
```

summary: previewed 1 files, unchanged 0, rules: preferred-type-syntax(4)
