```rescript
(
  string,
  string,
  ~locales: array<string>=?,
  ~options: Intl_Collator.options=?,
) => float
```
---

`localeCompare(referenceStr, compareStr, ~locales=?, ~options=?)` returns a float indicating
whether a reference string comes before or after, or is the same as the given
string in sort order. Returns a negative value if `referenceStr` occurs before `compareStr`,
positive if `referenceStr` occurs after `compareStr`, `0` if they are equivalent.
Do not rely on exact return values of `-1` or `1`.

Optionally takes `~locales` to specify locale(s) and `~options` to customize comparison behavior
(e.g., sensitivity, case ordering, numeric sorting). These correspond to the `Intl.Collator` options.
See [`String.localeCompare`](https://developer.mozilla.org/en-US/docs/Web/JavaScript/Reference/Global_Objects/String/localeCompare) on MDN.

## Examples

```rescript
String.localeCompare("a", "c") < 0.0 == true
String.localeCompare("a", "a") == 0.0
String.localeCompare("a", "b", ~locales=["en-US"]) < 0.0 == true
String.localeCompare("a", "A", ~locales=["en-US"], ~options={sensitivity: #base}) == 0.0
```


---
```rescript
type Stdlib_Intl_Collator.options = {
  localeMatcher?: Intl_Common.localeMatcher,
  usage?: usage,
  sensitivity?: sensitivity,
  ignorePunctuation?: bool,
  numeric?: bool,
  caseFirst?: caseFirst,
}
```
