===== User.res =====

  [1;31mWe've found a bug for you![0m
  [36m/.../fixtures/Cross_optional_label_omitted/User.res[0m:[2m1:9-17[0m

  [1;31m1[0m [2m│[0m let s = [1;31mLib.greet[0m()
  2 [2m│[0m 

  This function call is incorrect.
  The function has type:
  (~name: string, ~greeting: string=?, unit) => string
  
  - Missing arguments that must be provided: ~name
  - Hint: Did you want to partially apply the function? You can do that by putting `...` just before the closing parens of the function call. Example: [1;33myourFn(~arg1=someVar, ...)[0m