===== User.res =====

  [1;31mWe've found a bug for you![0m
  [36m/.../fixtures/Cross_module_alias_dot_access/User.res[0m:[2m3:21-26[0m

  1 [2m│[0m module S = Lib.Settings
  2 [2m│[0m 
  [1;31m3[0m [2m│[0m let port = S.port + [1;31mS.host[0m
  4 [2m│[0m 

  The value host can't be found in S