===== Objflag.res =====

  [1;31mWe've found a bug for you![0m
  [36m/.../fixtures/Cross_external_obj_optional_flag/Objflag.res[0m:[2m2:1-47[0m

  1 [2m│[0m type s = int
  [1;31m2[0m [2m│[0m [1;31m@obj external make: (~x: int=?, unit) => _ = ""[0m
  3 [2m│[0m 

  The implementation /.../fixtures/Cross_external_obj_optional_flag/Objflag.res
  does not match the interface /.../fixtures/Cross_external_obj_optional_flag/objflag.cmi:
  Values do not match:
    external make: (~x: int=?, unit) => {"x": undefined<int>} =
  "" "#rescript-external"
  is not included in
    external make: (~x: s=?, unit) => {"x": undefined<s>} = "" "#rescript-external"
  [36m/.../fixtures/Cross_external_obj_optional_flag/Objflag.resi[0m:[2m2:1-45[0m:
    Expected declaration
  [36m/.../fixtures/Cross_external_obj_optional_flag/Objflag.res[0m:[2m2:1-47[0m:
    Actual declaration