===== Foo.res =====

  [1;31mWe've found a bug for you![0m
  [36m/.../fixtures/Iface_value_arity_mismatch/Foo.res[0m:[2m1:5[0m

  [1;31m1[0m [2m│[0m let [1;31mf[0m = (x: int) => (y: int) => x + y
  2 [2m│[0m 

  The implementation /.../fixtures/Iface_value_arity_mismatch/Foo.res
  does not match the interface /.../fixtures/Iface_value_arity_mismatch/foo.cmi:
  Values do not match:
    let f: int => int => int
  is not included in
    let f: (int, int) => int
  The implementation contains a function taking 1 argument where the interface expects one taking 2 arguments.
  A function's arity is part of its type: calls are compiled to plain JavaScript calls with exactly that many arguments.
  [36m/.../fixtures/Iface_value_arity_mismatch/Foo.resi[0m:[2m1:1-24[0m:
    Expected declaration
  [36m/.../fixtures/Iface_value_arity_mismatch/Foo.res[0m:[2m1:5[0m:
    Actual declaration
