===== Foo.res =====

  [1;31mWe've found a bug for you![0m
  [36m/.../fixtures/Iface_constraint_mismatch/Foo.res[0m:[2m1:1-35[0m

  [1;31m1[0m [2m│[0m [1;31mtype t<'a> = 'a constraint 'a = int[0m
  2 [2m│[0m 

  The implementation /.../fixtures/Iface_constraint_mismatch/Foo.res
  does not match the interface /.../fixtures/Iface_constraint_mismatch/foo.cmi:
  Type declarations do not match:
    type t<'a> = 'a
  constraint 'a = int
  is not included in
    type t<'a>
  [36m/.../fixtures/Iface_constraint_mismatch/Foo.resi[0m:[2m1:1-10[0m:
    Expected declaration
  [36m/.../fixtures/Iface_constraint_mismatch/Foo.res[0m:[2m1:1-35[0m:
    Actual declaration
  Their constraints differ.