===== Foo.res =====

  [1;31mWe've found a bug for you![0m
  [36m/.../fixtures/Iface_immediate_mismatch/Foo.res[0m:[2m1:1-15[0m

  [1;31m1[0m [2m│[0m [1;31mtype t = string[0m
  2 [2m│[0m 

  The implementation /.../fixtures/Iface_immediate_mismatch/Foo.res
  does not match the interface /.../fixtures/Iface_immediate_mismatch/foo.cmi:
  Type declarations do not match:
    type t = string
  is not included in
    @immediate type t
  [36m/.../fixtures/Iface_immediate_mismatch/Foo.resi[0m:[2m2:1-6[0m:
    Expected declaration
  [36m/.../fixtures/Iface_immediate_mismatch/Foo.res[0m:[2m1:1-15[0m:
    Actual declaration
  the first is not an immediate type.