===== Foo.res =====

  [1;31mWe've found a bug for you![0m
  [36m/.../fixtures/Iface_variant_extra_constructor/Foo.res[0m:[2m1:1-18[0m

  [1;31m1[0m [2m│[0m [1;31mtype t = A | B | C[0m
  2 [2m│[0m 

  The implementation /.../fixtures/Iface_variant_extra_constructor/Foo.res
  does not match the interface /.../fixtures/Iface_variant_extra_constructor/foo.cmi:
  Type declarations do not match:
    type t = A | B | C
  is not included in
    type t = A | B
  [36m/.../fixtures/Iface_variant_extra_constructor/Foo.resi[0m:[2m1:1-14[0m:
    Expected declaration
  [36m/.../fixtures/Iface_variant_extra_constructor/Foo.res[0m:[2m1:1-18[0m:
    Actual declaration
  The field C is only present in the first declaration.