===== Foo.res =====

  [1;31mWe've found a bug for you![0m
  [36m/.../fixtures/Iface_kind_mismatch/Foo.res[0m:[2m1:1-17[0m

  [1;31m1[0m [2m│[0m [1;31mtype t = {x: int}[0m
  2 [2m│[0m 

  The implementation /.../fixtures/Iface_kind_mismatch/Foo.res
  does not match the interface /.../fixtures/Iface_kind_mismatch/foo.cmi:
  Type declarations do not match:
    type t = {x: int}
  is not included in
    type t = A | B
  [36m/.../fixtures/Iface_kind_mismatch/Foo.resi[0m:[2m1:1-14[0m:
    Expected declaration
  [36m/.../fixtures/Iface_kind_mismatch/Foo.res[0m:[2m1:1-17[0m:
    Actual declaration
  Their kinds differ.