===== Foo.res =====

  [1;31mWe've found a bug for you![0m
  [36m/.../fixtures/Iface_type_decl_record/Foo.res[0m:[2m1:1-25[0m

  [1;31m1[0m [2m│[0m [1;31mtype t = {x: int, z: int}[0m
  2 [2m│[0m 

  The implementation /.../fixtures/Iface_type_decl_record/Foo.res
  does not match the interface /.../fixtures/Iface_type_decl_record/foo.cmi:
  Type declarations do not match:
    type t = {x: int, z: int}
  is not included in
    type t = {x: int, y: int}
  [36m/.../fixtures/Iface_type_decl_record/Foo.resi[0m:[2m1:1-25[0m:
    Expected declaration
  [36m/.../fixtures/Iface_type_decl_record/Foo.res[0m:[2m1:1-25[0m:
    Actual declaration
  Fields number 2 have different names, z and y.