Found Completable: Cexpression

  1 │ // Record field completion in nested record, another level
  2 │ let x = TestTypeDefs.nestedTestRecord.nested.
    │         ‾‾‾‾‾‾‾‾‾‾‾‾‾‾‾‾‾‾‾‾‾‾‾‾‾‾‾‾‾‾‾‾‾‾‾‾
  3 │ //                                           ^com
  4 │ 

[{
    "label": "name",
    "kind": 5,
    "tags": [],
    "detail": "string",
    "documentation": {"kind": "markdown", "value": "```rescript\nname: string\n```\n\n```rescript\ntype \\\"nestedTestRecord.nested\" = {\n  name: string,\n  oneMoreLevel: {here: bool},\n}\n```"}
  }, {
    "label": "oneMoreLevel",
    "kind": 5,
    "tags": [],
    "detail": "\\\"nestedTestRecord.nested.oneMoreLevel\"",
    "documentation": {"kind": "markdown", "value": "```rescript\noneMoreLevel: \\\"nestedTestRecord.nested.oneMoreLevel\"\n```\n\n```rescript\ntype \\\"nestedTestRecord.nested\" = {\n  name: string,\n  oneMoreLevel: {here: bool},\n}\n```"}
  }]

