Found Completable: Cpattern at type loc: [2:15->2:18]

  1 │ // Empty case, string
  2 │ let str = "hello"
  3 │ let x = switch str {
    │                ‾‾‾
  4 │   | 
  5 │ //  ^com

[{
    "label": "\"\"",
    "kind": 12,
    "tags": [],
    "detail": "string",
    "documentation": null,
    "sortText": "A",
    "insertText": "\"$0\"",
    "insertTextFormat": 2
  }]

